
 SelfProgrammer PC Tool Started

 Reading commandline parameters

 Com port setting function called
 Setting value 4 for Port
Com port has set[STEP EXIT CODE] 0

 SelfProgrammer PC Tool Started

 Reading commandline parameters

 Setting value 38400 for Download

 Download baudrate has set [STEP EXIT CODE] 0

 SelfProgrammer PC Tool Started

 Reading commandline parameters

 Setting the board number
 Setting value 37 for FEBEBoardNumber
Board Number 37 is set for Programming[STEP EXIT CODE] 0

 SelfProgrammer PC Tool Started

 Reading commandline parameters

 Download parameter readChecking for the file availablitiy
Full Path : C:\GBP_Testing\V43.38.00\bbgerabasic_platform_binaries-prerelease-V43.37.00.00001\Releases\Nebula\GBP_Nebula_R_Merged_Rand_V43.37.0_invalidbuildnumber.xcbin
Given binary file is valid. It is used for this download

 Setting value C:\GBP_Testing\V43.38.00\bbgerabasic_platform_binaries-prerelease-V43.37.00.00001\Releases\Nebula\GBP_Nebula_R_Merged_Rand_V43.37.0_invalidbuildnumber.xcbin for File


 Reading Port value from settings file
 Value for Port is 4.



 Reading File value from settings file
 Value for File is C:\GBP_Testing\V43.38.00\bbgerabasic_platform_binaries-prerelease-V43.37.00.00001\Releases\Nebula\GBP_Nebula_R_Merged_Rand_V43.37.0_invalidbuildnumber.xcbin.



 Reading Port value from settings file
 Value for Port is 4.



 Reading Geni value from settings file
 Value for Geni is 1.



 Reading Wireless value from settings file
 Value for Wireless is 0.



 Reading LOG value from settings file
 Value for LOG is LOG_DISABLED.



 Reading Download value from settings file
 Value for Download is 38400.


 Device Connected

 Reading Download value from settings file
 Value for Download is 38400.

Comparing the version

 Reading File value from settings file
 Value for File is C:\GBP_Testing\V43.38.00\bbgerabasic_platform_binaries-prerelease-V43.37.00.00001\Releases\Nebula\GBP_Nebula_R_Merged_Rand_V43.37.0_invalidbuildnumber.xcbin.



 Reading FEBEBoardNumber value from settings file
 Value for FEBEBoardNumber is 37.



 Reading LOG value from settings file
 Value for LOG is LOG_DISABLED.


Setting the board number 37
Before the ReadFirmare version Call

 Reading LOG value from settings file
 Value for LOG is LOG_DISABLED.


 Reading flag information from the device..Please wait...

 Reading boardindexprogramming value from settings file
 Value for boardindexprogramming is .



 Reading boardindexprogramming value from settings file
 Value for boardindexprogramming is .

Going to BoardNumber SEtting

 Reading Port value from settings file
 Value for Port is 4.



 Reading Download value from settings file
 Value for Download is 38400.



 Reading FEBEBoardNumber value from settings file
 Value for FEBEBoardNumber is 37.


Setting the board number 37
Before the ReadFirmare version Call
 Chosen file doesn't contain correct version number
Firmware update failed  Invalid Command
[STEP EXIT CODE] 0
