
 SelfProgrammer PC Tool Started

 Reading commandline parameters

 Com port setting function called
 Setting value 11 for Port
Com port has set[STEP EXIT CODE] 0

 SelfProgrammer PC Tool Started

 Reading commandline parameters

 Setting value 115200 for Download

 Download baudrate has set [STEP EXIT CODE] 0

 SelfProgrammer PC Tool Started

 Reading commandline parameters

 Setting the board number
 Setting value 52 for FEBEBoardNumber
Board Number 52 is set for Programming[STEP EXIT CODE] 0

 SelfProgrammer PC Tool Started

 Reading commandline parameters

 Download parameter readChecking for the file availablitiy
Full Path : C:\GBP_Testing\V43.40.00\01May_Nebula_SET_2 - Copy\01May_Nebula_SET_2 - Copy\93560895V02.01.00.00001_R_K_TSIP_BL_01_01_00_00001_EXT_UpdPkg.sxcbin
Given binary file is valid. It is used for this download

 Setting value C:\GBP_Testing\V43.40.00\01May_Nebula_SET_2 - Copy\01May_Nebula_SET_2 - Copy\93560895V02.01.00.00001_R_K_TSIP_BL_01_01_00_00001_EXT_UpdPkg.sxcbin for File


 Reading Port value from settings file
 Value for Port is 11.



 Reading File value from settings file
 Value for File is C:\GBP_Testing\V43.40.00\01May_Nebula_SET_2 - Copy\01May_Nebula_SET_2 - Copy\93560895V02.01.00.00001_R_K_TSIP_BL_01_01_00_00001_EXT_UpdPkg.sxcbin.



 Reading Port value from settings file
 Value for Port is 11.



 Reading Geni value from settings file
 Value for Geni is 1.



 Reading Wireless value from settings file
 Value for Wireless is 0.



 Reading LOG value from settings file
 Value for LOG is LOG_DISABLED.



 Reading Download value from settings file
 Value for Download is 115200.


 Device Connected

 Reading Download value from settings file
 Value for Download is 115200.

Comparing the version

 Reading File value from settings file
 Value for File is C:\GBP_Testing\V43.40.00\01May_Nebula_SET_2 - Copy\01May_Nebula_SET_2 - Copy\93560895V02.01.00.00001_R_K_TSIP_BL_01_01_00_00001_EXT_UpdPkg.sxcbin.



 Reading FEBEBoardNumber value from settings file
 Value for FEBEBoardNumber is 52.



 Reading LOG value from settings file
 Value for LOG is LOG_DISABLED.


Setting the board number 52
Before the ReadFirmare version Call

 Reading LOG value from settings file
 Value for LOG is LOG_DISABLED.


 Reading flag information from the device..Please wait...

 Reading boardindexprogramming value from settings file
 Value for boardindexprogramming is .


Before the ReadFirmare version Call[STEP EXIT CODE] 3221225786
