
 SelfProgrammer PC Tool Started

 Reading commandline parameters

 Reading flag information

 Reading Geni value from settings file
 Value for Geni is 1.



 Reading Wireless value from settings file
 Value for Wireless is 0.



 Reading Download value from settings file
 Value for Download is 38400.



 Reading Port value from settings file
 Value for Port is 4.



 Reading File value from settings file
 Value for File is C:\GBP_Testing\V43.38.00\bbgerabasic_platform_binaries-prerelease-V43.37.00.00001\Releases\CEOPSU_B4_RX130\GERA_CEOPSU_B4_R_Merged_Rand_V43.37.00.00001_onebitcorruptused.xcbin.



 Reading Board_Index value from settings file
 Value for Board_Index is 0.



 Reading boardindexprogramming value from settings file
 Value for boardindexprogramming is .



 Reading LOG value from settings file
 Value for LOG is LOG_DISABLED.



 Reading FEBEBoardNumber value from settings file
 Value for FEBEBoardNumber is 37.



 Reading boardindexprogramming value from settings file
 Value for boardindexprogramming is .



 Reading boardindexprogramming value from settings file
 Value for boardindexprogramming is .

Going to BoardNumber SEtting

 Reading Port value from settings file
 Value for Port is 4.



 Reading Download value from settings file
 Value for Download is 38400.



 Reading FEBEBoardNumber value from settings file
 Value for FEBEBoardNumber is 37.


Setting the board number 37
Before the ReadFirmare version Call

Flag Information 

No of Boards	: 2
Main Board No	: 37
Flash_Avail	: 1
Version0-X	: 43
Version0-Y	: 37
Version0-Z	: 0
BuildNumber0-X	: 00001
Version1-X	: 43
Version1-Y	: 38
Version1-Z	: 0
BuildNumber1-X	: 00026
FwUpdate_req	: 0
FwUpdate_cmp	: 0
FwUpdate_frez	: 1
FwUpdate_rollbk	: 255
FwUpdate_actbin	: 1
FwUpdate_appcnt	: 1
SubImgVersion-X	: 255
SubImgVersion-Y	: 255
SubImgVersion-Z	: 255
SubECU BuildNumber0-X	: 65535
SubECU Image BoardNo	: 255
Auxillary Image version	: 0x00FFFFFF
Aux Image BuildNumber	: 65535
SelfProg Error Code	: 0x00000109 (SELFPROG_PROG_XCRYPT_KEY_INVALID)
SubECU Image Status	: 255

Received Setup Info
[EXIT CODE] 0
