
 SelfProgrammer PC Tool Started

 Reading commandline parameters

 Reading flag information

 Reading Geni value from settings file
 Value for Geni is 1.



 Reading Wireless value from settings file
 Value for Wireless is 0.



 Reading Download value from settings file
 Value for Download is 115200.



 Reading Port value from settings file
 Value for Port is 11.



 Reading File value from settings file
 Value for File is C:\GBP_Testing\V43.40.00\01May_Nebula_SET_2 - Copy\01May_Nebula_SET_2 - Copy\93560895V02.01.00.00001_R_K_TSIP_BL_02_01_00_00001_EXT_UpdPkg.sxcbin.



 Reading Board_Index value from settings file
 Value for Board_Index is 0.



 Reading boardindexprogramming value from settings file
 Value for boardindexprogramming is .



 Reading LOG value from settings file
 Value for LOG is LOG_DISABLED.



 Reading FEBEBoardNumber value from settings file
 Value for FEBEBoardNumber is 52.



 Reading boardindexprogramming value from settings file
 Value for boardindexprogramming is .



 Reading boardindexprogramming value from settings file
 Value for boardindexprogramming is .

Going to BoardNumber SEtting

 Reading Port value from settings file
 Value for Port is 11.



 Reading Download value from settings file
 Value for Download is 115200.



 Reading FEBEBoardNumber value from settings file
 Value for FEBEBoardNumber is 52.


Setting the board number 52
Before the ReadFirmare version Call

Flag Information 

No of Boards	: 3
Main Board No	: 52
Flash_Avail	: 1
Version0-X	: 2
Version0-Y	: 1
Version0-Z	: 0
BuildNumber0-X	: 00001
Version1-X	: 255
Version1-Y	: 255
Version1-Z	: 255
BuildNumber1-X	: 65535
FwUpdate_req	: 1
FwUpdate_cmp	: 255
FwUpdate_frez	: 255
FwUpdate_rollbk	: 255
FwUpdate_actbin	: 255
FwUpdate_appcnt	: 255
SubImgVersion-X	: 255
SubImgVersion-Y	: 255
SubImgVersion-Z	: 255
SubECU BuildNumber0-X	: 65535
SubECU Image BoardNo	: 255
Auxillary Image version	: 0x00FFFFFF
Aux Image BuildNumber	: 65535
SelfProg Error Code	: 0x00000600 (VALID_PACKAGE_IN_FWMGR)
SubECU Image Status	: 255

Received Setup Info
[EXIT CODE] 0
