
 SelfProgrammer PC Tool Started

 Reading commandline parameters

 Com port setting function called
 Setting value 11 for Port
Com port has set[STEP EXIT CODE] 0

 SelfProgrammer PC Tool Started

 Reading commandline parameters

 Setting value 115200 for Download

 Download baudrate has set [STEP EXIT CODE] 0

 SelfProgrammer PC Tool Started

 Reading commandline parameters

 Setting the board number
 Setting value 52 for FEBEBoardNumber
Board Number 52 is set for Programming[STEP EXIT CODE] 0

 SelfProgrammer PC Tool Started

 Reading commandline parameters

 Download parameter readChecking for the file availablitiy
Full Path : C:\GBP_Testing\V43.40.00\01May_Nebula_SET_2 - Copy\01May_Nebula_SET_2 - Copy\93560895V09.01.00.00000_R_K_TSIP_BL_09_01_00_00000_EXT_UpdPkg_S2.sxcbin
Given binary file is valid. It is used for this download

 Setting value C:\GBP_Testing\V43.40.00\01May_Nebula_SET_2 - Copy\01May_Nebula_SET_2 - Copy\93560895V09.01.00.00000_R_K_TSIP_BL_09_01_00_00000_EXT_UpdPkg_S2.sxcbin for File


 Reading Port value from settings file
 Value for Port is 11.



 Reading File value from settings file
 Value for File is C:\GBP_Testing\V43.40.00\01May_Nebula_SET_2 - Copy\01May_Nebula_SET_2 - Copy\93560895V09.01.00.00000_R_K_TSIP_BL_09_01_00_00000_EXT_UpdPkg_S2.sxcbin.



 Reading Port value from settings file
 Value for Port is 11.



 Reading Geni value from settings file
 Value for Geni is 1.



 Reading Wireless value from settings file
 Value for Wireless is 0.



 Reading LOG value from settings file
 Value for LOG is LOG_DISABLED.



 Reading Download value from settings file
 Value for Download is 115200.


 Device Connected

 Reading Download value from settings file
 Value for Download is 115200.

Comparing the version

 Reading File value from settings file
 Value for File is C:\GBP_Testing\V43.40.00\01May_Nebula_SET_2 - Copy\01May_Nebula_SET_2 - Copy\93560895V09.01.00.00000_R_K_TSIP_BL_09_01_00_00000_EXT_UpdPkg_S2.sxcbin.



 Reading FEBEBoardNumber value from settings file
 Value for FEBEBoardNumber is 52.



 Reading LOG value from settings file
 Value for LOG is LOG_DISABLED.


Setting the board number 52
Before the ReadFirmare version Call

 Reading LOG value from settings file
 Value for LOG is LOG_DISABLED.


 Reading flag information from the device..Please wait...

 Reading boardindexprogramming value from settings file
 Value for boardindexprogramming is .



 Reading boardindexprogramming value from settings file
 Value for boardindexprogramming is .

Going to BoardNumber SEtting

 Reading Port value from settings file
 Value for Port is 11.



 Reading Download value from settings file
 Value for Download is 115200.



 Reading FEBEBoardNumber value from settings file
 Value for FEBEBoardNumber is 52.


Setting the board number 52
Before the ReadFirmare version Call

 Reading FEBEBoardNumber value from settings file
 Value for FEBEBoardNumber is 52.



 Reading LOG value from settings file
 Value for LOG is LOG_DISABLED.


 Read Max baudrate from Class 0 and id 1 to set auto baudrate
 Write Max baudrate Class 5 and id 39 to use auto baudrate
 Auto baudrate setting failed, So, again trying to set the User set baudrate
 Write Max baudrate Class 5 and id 39 to use auto baudrate
 VERSION  2
Before the ReadFirmare version Call
Packet 4 Sent
Packet 8 Sent
Packet 12 Sent
Packet 16 Sent
Packet 20 Sent
Packet 24 Sent
Packet 28 Sent
Packet 32 Sent
Packet 36 Sent
Packet 40 Sent
Packet 44 Sent
Packet 48 Sent
Packet 52 Sent
Packet 56 Sent
Packet 60 Sent
Packet 64 Sent
Packet 68 Sent
Packet 72 Sent
Packet 76 Sent
Packet 80 Sent
Packet 84 Sent
Packet 88 Sent
Packet 92 Sent
Packet 96 Sent
Packet 100 Sent
Packet 104 Sent
Packet 108 Sent
Packet 112 Sent
Packet 116 Sent
Packet 120 Sent
Packet 124 Sent
Packet 128 Sent
Packet 132 Sent
Packet 136 Sent
Packet 140 Sent
Packet 144 Sent
Packet 148 Sent
Packet 152 Sent
Packet 156 Sent
Packet 160 Sent
Packet 164 Sent
Packet 168 Sent
Packet 172 Sent
Packet 176 Sent
Packet 180 Sent
Packet 184 Sent
Packet 188 Sent
Packet 192 Sent
Packet 196 Sent
Packet 200 Sent
Packet 204 Sent
Packet 208 Sent
Packet 212 Sent
Packet 216 Sent
Packet 220 Sent
Packet 224 Sent
Packet 228 Sent
Packet 232 Sent
Packet 236 Sent
Packet 240 Sent
Packet 244 Sent
Packet 248 Sent
Packet 252 Sent
Packet 256 Sent
Packet 260 Sent
Packet 264 Sent
Packet 268 Sent
Packet 272 Sent
Packet 276 Sent
Packet 280 Sent
Packet 284 Sent
Packet 288 Sent
Packet 292 Sent
Packet 296 Sent
Packet 300 Sent
Packet 304 Sent
Packet 308 Sent
Packet 312 Sent
Packet 316 Sent
Packet 320 Sent
Packet 324 Sent
Packet 328 Sent
Packet 332 Sent
Packet 336 Sent
Packet 340 Sent
Packet 344 Sent
Packet 348 Sent
Packet 352 Sent
Packet 356 Sent
Packet 360 Sent
Packet 364 Sent
Packet 368 Sent
Packet 372 Sent
Packet 376 Sent
Packet 380 Sent
Packet 384 Sent
Packet 388 Sent
Packet 392 Sent
Packet 396 Sent
Packet 400 Sent
Packet 404 Sent
Packet 408 Sent
Packet 412 Sent
Packet 416 Sent
Packet 420 Sent
Packet 424 Sent
Packet 428 Sent
Packet 432 Sent
Packet 436 Sent
Packet 440 Sent
Packet 444 Sent
Packet 448 Sent
Packet 452 Sent
Packet 456 Sent
Packet 460 Sent
Packet 464 Sent
Packet 468 Sent
Packet 472 Sent
Packet 476 Sent
Packet 480 Sent
Packet 484 Sent
Packet 488 Sent
Packet 492 Sent
Packet 496 Sent
Packet 500 Sent
Packet 504 Sent
Packet 508 Sent
Packet 512 Sent
Packet 516 Sent
Packet 520 Sent
Packet 524 Sent
Packet 528 Sent
Packet 532 Sent
Packet 536 Sent
Packet 540 Sent
Packet 544 Sent
Packet 548 Sent
Packet 552 Sent
Packet 556 Sent
Packet 560 Sent
Packet 564 Sent
Packet 568 Sent
Packet 572 Sent
Packet 576 Sent
Packet 580 Sent
Packet 584 Sent
Packet 588 Sent
Packet 592 Sent
Packet 596 Sent
Packet 600 Sent
Packet 604 Sent
Packet 608 Sent
Packet 612 Sent
Packet 616 Sent
Packet 620 Sent
Packet 624 Sent
Packet 625 Sent[STEP EXIT CODE] 0
